[04:47:41] batch 15 [01_新手入门]: 20 file(s)
[04:47:41] provider: RetryLLMProvider
[04:47:41] resume: skipping 18 already-completed file(s)
[04:47:41] SKIP completed: raw/sources/01_新手入门/必备资料金手指.md
[04:47:41] SKIP completed: raw/sources/01_新手入门/必备资料青春校园小说相关写作技巧.md
[04:47:41] SKIP completed: raw/sources/01_新手入门/新人须知10网络小说大纲和细纲的作用.md
[04:47:41] SKIP completed: raw/sources/01_新手入门/新人须知11从标题党看网络文学创作手法中的诱惑性创作1.md
[04:47:41] SKIP completed: raw/sources/01_新手入门/新人须知12剖析网络游戏的卖点讲解网络小说创作利用网游模式写作方法.md
[04:47:41] SKIP completed: raw/sources/01_新手入门/新人须知12剖析网络游戏的卖点讲解网络小说创作利用网游模式写作方法_493b76.md
[04:47:41] SKIP completed: raw/sources/01_新手入门/新人须知13网络文学创作的几个误区.md
[04:47:41] SKIP completed: raw/sources/01_新手入门/新人须知13网络文学创作的几个误区_c397d6.md
[04:47:41] SKIP completed: raw/sources/01_新手入门/新人须知14网络文学实体书出版的那些事儿.md
[04:47:41] SKIP completed: raw/sources/01_新手入门/新人须知14网络文学实体书出版的那些事儿_c39e43.md
[04:47:41] SKIP completed: raw/sources/01_新手入门/新人须知15顺眼谈文章的画面感.md
[04:47:41] SKIP completed: raw/sources/01_新手入门/新人须知17文笔在网络文学创作上的作用.md
[04:47:41] SKIP completed: raw/sources/01_新手入门/新人须知17文笔在网络文学创作上的作用_1dd858.md
[04:47:41] SKIP completed: raw/sources/01_新手入门/新人须知17编辑讲课记录.md
[04:47:41] SKIP completed: raw/sources/01_新手入门/新人须知18创作会经常遇到的问题.md
[04:47:41] SKIP completed: raw/sources/01_新手入门/新人须知18创作会经常遇到的问题_056c32.md
[04:47:41] SKIP completed: raw/sources/01_新手入门/新人须知19从信昌出版社出版要求分析网络文学创作.md
[04:47:41] SKIP completed: raw/sources/01_新手入门/新人须知19从信昌出版社出版要求分析网络文学创作_de13c1.md
[04:47:41] generating 2 file(s) with concurrency=3 (skipped 18)
[04:47:41] WARNING src.pipeline.ingest: [run_ingest] sanitizer: ['high_repetition'] score=0.70 source=raw\sources\01_新手入门\新人须知1浅谈网络写手网络文学与网络文学创作基础.md
[04:47:41] INFO src.pipeline.generator: [unified_generate] single-pass ingest for raw\sources\01_新手入门\新人须知1浅谈网络写手网络文学与网络文学创作基础.md (2381 chars)
[04:47:43] INFO src.pipeline.generator: [unified_generate] single-pass ingest for raw\sources\01_新手入门\新人须知1浅谈网络写手网络文学与网络文学创作基础_08147a.md (1182 chars)
[04:57:43] INFO src.pipeline.retry: [retry] attempt 1/4: transient (RuntimeError) — retrying in 2.0s
[04:57:43] INFO src.pipeline.retry: [retry] attempt 1/4: transient (RuntimeError) — retrying in 2.0s
[05:02:43] WARNING src.pipeline.ingest: [run_ingest] sanitizer: ['high_repetition'] score=0.70 source=raw\sources\01_新手入门\新人须知1浅谈网络写手网络文学与网络文学创作基础.md
[05:02:43] INFO src.pipeline.generator: [unified_generate] single-pass ingest for raw\sources\01_新手入门\新人须知1浅谈网络写手网络文学与网络文学创作基础.md (2381 chars)
[05:02:45] INFO src.pipeline.generator: [unified_generate] single-pass ingest for raw\sources\01_新手入门\新人须知1浅谈网络写手网络文学与网络文学创作基础_08147a.md (1182 chars)
[05:12:44] INFO src.pipeline.retry: [retry] attempt 1/4: transient (RuntimeError) — retrying in 2.0s
[05:12:45] INFO src.pipeline.retry: [retry] attempt 1/4: transient (RuntimeError) — retrying in 2.0s
[05:17:44]   FAIL raw/sources/01_新手入门/新人须知1浅谈网络写手网络文学与网络文学创作基础.md: 
[05:17:44]   FAIL raw/sources/01_新手入门/新人须知1浅谈网络写手网络文学与网络文学创作基础_08147a.md: 
[05:17:44] generated ok=0 err=2 permanent_failed=0 total_pages=0 extras=0 elapsed=1803s
[05:17:44] BATCH ABORTED: all files failed
